// Jest Snapshot v1, https://goo.gl/fbAQLP

exports[`should render dashboard correctly 1`] = `
<div>
  <h1>
    OOOPS! 404
  </h1>
  <h2>
    <Link
      replace={false}
      to="/"
    >
      GO HOME?
    </Link>
  </h2>
</div>
`;
