// Jest Snapshot v1, https://goo.gl/fbAQLP

exports[`should render dashboard correctly 1`] = `
<.sc-bdVaJa>
  <Connect(VocabListFilters) />
  <Connect(VocabItemList) />
</.sc-bdVaJa>
`;
