// Jest Snapshot v1, https://goo.gl/fbAQLP

exports[`should render vocab list item correctly 1`] = `
<div
  className="temp-voc-item"
>
  <Link
    replace={false}
    to="/edit1"
  >
    <h1
      className="vocab-edit-link"
    >
      ‚úé
    </h1>
  </Link>
  <h2>
    Erinnerungen
     ‚Äì 
    Memories
     
    <span>
      üëÅ
    </span>
  </h2>
  <h2>
    es weckt Erinnerungen
  </h2>
  <h2>
    It awakens (brings back) memories
  </h2>
  <h2>
    Note: 
    memory note
  </h2>
  <h2>
    Difficulty: 
    8
  </h2>
  <h2>
    12‚Ä¢31‚Ä¢69 Wed 7:00pm
  </h2>
  <br />
  <br />
  <hr />
  <br />
</div>
`;
